
> website_mama@0.1.0 build
> next build

Γû▓ Next.js 16.1.0 (Turbopack)
- Environments: .env.local

  Creating an optimized production build ...
Γ£ô Compiled successfully in 5.8s
  Running TypeScript ...
  Collecting page data using 7 workers ...
  Generating static pages using 7 workers (0/38) ...
  Generating static pages using 7 workers (9/38) 
  Generating static pages using 7 workers (18/38) 
  Generating static pages using 7 workers (28/38) 
Γ£ô Generating static pages using 7 workers (38/38) in 412.2ms
  Finalizing page optimization ...

Route (app)
Γöî Γùï /
Γö£ Γùï /_not-found
Γö£ Γùï /about
Γö£ Γùï /admin
Γö£ Γùï /admin/about
Γö£ Γùï /admin/backgrounds
Γö£ Γùï /admin/banner
Γö£ Γùï /admin/books
Γö£ Γùï /admin/boxes
Γö£ Γùï /admin/contact
Γö£ Γùï /admin/dashboard
Γö£ Γùï /admin/gallery
Γö£ Γùï /admin/hero
Γö£ Γùï /admin/history
Γö£ Γùï /admin/login
Γö£ Γùï /admin/page-backgrounds
Γö£ Γùï /admin/sevas
Γö£ Γùï /admin/songs
Γö£ Γùï /admin/timings
Γö£ ╞Æ /api/authorized-numbers
Γö£ ╞Æ /api/content
Γö£ ╞Æ /api/otp
Γö£ ╞Æ /api/otp/verify
Γö£ ╞Æ /api/photos
Γö£ ╞Æ /api/photos/[id]
Γö£ ╞Æ /api/user/signup
Γö£ Γùï /books
Γö£ Γùï /donate
Γö£ Γùï /gallery
Γö£ Γùï /login
Γö£ Γùï /sevas
Γö£ Γùï /signup
Γö£ Γùï /songs
Γö£ Γùï /timings
Γö£ Γùï /transaction-history
Γö£ Γùï /user
Γöö Γùï /user/login


Γùï  (Static)   prerendered as static content
╞Æ  (Dynamic)  server-rendered on demand

